// Jest Snapshot v1, https://goo.gl/fbAQLP

exports[`App container initial renders properly 1`] = `ShallowWrapper {}`;
