// Jest Snapshot v1, https://goo.gl/fbAQLP

exports[`render test 1`] = `
Object {
  "$$typeof": Symbol(react.memo),
  "WrappedComponent": [Function],
  "compare": null,
  "displayName": "Connect(Category)",
  "type": [Function],
}
`;
